Test Case 1 Passed
Test Case 2 Failed
Test Case 3 Passed
Test Case 4 Passed
Test Case 5 Failed